Archive member included to satisfy reference by file (symbol)

c:/program files (x86)/atmel/studio/7.0/toolchain/avr8/avr8-gnu-toolchain/bin/../lib/gcc/avr/4.9.2/avr25\libgcc.a(_exit.o)
                              C:/Program Files (x86)/Atmel/Studio/7.0/Packs/atmel/ATtiny_DFP/1.0.68/gcc/dev/attiny85/avr25/crtattiny85.o (exit)
c:/program files (x86)/atmel/studio/7.0/toolchain/avr8/avr8-gnu-toolchain/bin/../lib/gcc/avr/4.9.2/avr25\libgcc.a(_clear_bss.o)
                              functions.o (__do_clear_bss)

Allocating common symbols
Common symbol       size              file

byte2               0x1               main.o
buffer_adr          0x1               main.o
byte1               0x1               main.o
slaveAddress        0x1               usiTwiSlave.o
high                0x1               main.o
buffer              0x2               main.o
overflowState       0x1               usiTwiSlave.o
DirtyDawg           0x35              functions.o
txbuffer            0x10              main.o
rxbuffer            0x10              main.o

Discarded input sections

 .data          0x00000000        0x0 C:/Program Files (x86)/Atmel/Studio/7.0/Packs/atmel/ATtiny_DFP/1.0.68/gcc/dev/attiny85/avr25/crtattiny85.o
 .bss           0x00000000        0x0 C:/Program Files (x86)/Atmel/Studio/7.0/Packs/atmel/ATtiny_DFP/1.0.68/gcc/dev/attiny85/avr25/crtattiny85.o
 .text          0x00000000        0x0 functions.o
 .data          0x00000000        0x0 functions.o
 .bss           0x00000000        0x0 functions.o
 .text.System_Init
                0x00000000        0x2 functions.o
 .text.Hardware_Init
                0x00000000        0x2 functions.o
 .text.INT_Crash
                0x00000000        0x2 functions.o
 .text.Lowrider_Mode
                0x00000000        0x2 functions.o
 .text.Sense_Light
                0x00000000        0x2 functions.o
 .text.Y_LED_On
                0x00000000        0x2 functions.o
 .text.Y_LED_Off
                0x00000000        0x2 functions.o
 .debug_info    0x00000000      0x20c functions.o
 .debug_abbrev  0x00000000       0x92 functions.o
 .debug_aranges
                0x00000000       0x50 functions.o
 .debug_ranges  0x00000000       0x40 functions.o
 .debug_line    0x00000000      0x109 functions.o
 .debug_str     0x00000000      0x28b functions.o
 .comment       0x00000000       0x31 functions.o
 .debug_frame   0x00000000       0x84 functions.o
 COMMON         0x00000000       0x35 functions.o
 .text          0x00000000        0x0 main.o
 .data          0x00000000        0x0 main.o
 .bss           0x00000000        0x0 main.o
 .bss.low       0x00000000        0x1 main.o
 .bss.word      0x00000000        0x2 main.o
 .text          0x00000000        0x0 TWI_Slave.o
 .data          0x00000000        0x0 TWI_Slave.o
 .bss           0x00000000        0x0 TWI_Slave.o
 .text.TWI_Slave_Init
                0x00000000       0x18 TWI_Slave.o
 .debug_info    0x00000000       0x93 TWI_Slave.o
 .debug_abbrev  0x00000000       0x60 TWI_Slave.o
 .debug_loc     0x00000000       0x21 TWI_Slave.o
 .debug_aranges
                0x00000000       0x20 TWI_Slave.o
 .debug_ranges  0x00000000       0x10 TWI_Slave.o
 .debug_line    0x00000000       0xa4 TWI_Slave.o
 .debug_str     0x00000000      0x19d TWI_Slave.o
 .comment       0x00000000       0x31 TWI_Slave.o
 .debug_frame   0x00000000       0x24 TWI_Slave.o
 .text          0x00000000        0x0 usiTwiSlave.o
 .data          0x00000000        0x0 usiTwiSlave.o
 .bss           0x00000000        0x0 usiTwiSlave.o
 .text          0x00000000        0x0 c:/program files (x86)/atmel/studio/7.0/toolchain/avr8/avr8-gnu-toolchain/bin/../lib/gcc/avr/4.9.2/avr25\libgcc.a(_exit.o)
 .data          0x00000000        0x0 c:/program files (x86)/atmel/studio/7.0/toolchain/avr8/avr8-gnu-toolchain/bin/../lib/gcc/avr/4.9.2/avr25\libgcc.a(_exit.o)
 .bss           0x00000000        0x0 c:/program files (x86)/atmel/studio/7.0/toolchain/avr8/avr8-gnu-toolchain/bin/../lib/gcc/avr/4.9.2/avr25\libgcc.a(_exit.o)
 .text.libgcc.mul
                0x00000000        0x0 c:/program files (x86)/atmel/studio/7.0/toolchain/avr8/avr8-gnu-toolchain/bin/../lib/gcc/avr/4.9.2/avr25\libgcc.a(_exit.o)
 .text.libgcc.div
                0x00000000        0x0 c:/program files (x86)/atmel/studio/7.0/toolchain/avr8/avr8-gnu-toolchain/bin/../lib/gcc/avr/4.9.2/avr25\libgcc.a(_exit.o)
 .text.libgcc   0x00000000        0x0 c:/program files (x86)/atmel/studio/7.0/toolchain/avr8/avr8-gnu-toolchain/bin/../lib/gcc/avr/4.9.2/avr25\libgcc.a(_exit.o)
 .text.libgcc.prologue
                0x00000000        0x0 c:/program files (x86)/atmel/studio/7.0/toolchain/avr8/avr8-gnu-toolchain/bin/../lib/gcc/avr/4.9.2/avr25\libgcc.a(_exit.o)
 .text.libgcc.builtins
                0x00000000        0x0 c:/program files (x86)/atmel/studio/7.0/toolchain/avr8/avr8-gnu-toolchain/bin/../lib/gcc/avr/4.9.2/avr25\libgcc.a(_exit.o)
 .text.libgcc.fmul
                0x00000000        0x0 c:/program files (x86)/atmel/studio/7.0/toolchain/avr8/avr8-gnu-toolchain/bin/../lib/gcc/avr/4.9.2/avr25\libgcc.a(_exit.o)
 .text.libgcc.fixed
                0x00000000        0x0 c:/program files (x86)/atmel/studio/7.0/toolchain/avr8/avr8-gnu-toolchain/bin/../lib/gcc/avr/4.9.2/avr25\libgcc.a(_exit.o)
 .text          0x00000000        0x0 c:/program files (x86)/atmel/studio/7.0/toolchain/avr8/avr8-gnu-toolchain/bin/../lib/gcc/avr/4.9.2/avr25\libgcc.a(_clear_bss.o)
 .data          0x00000000        0x0 c:/program files (x86)/atmel/studio/7.0/toolchain/avr8/avr8-gnu-toolchain/bin/../lib/gcc/avr/4.9.2/avr25\libgcc.a(_clear_bss.o)
 .bss           0x00000000        0x0 c:/program files (x86)/atmel/studio/7.0/toolchain/avr8/avr8-gnu-toolchain/bin/../lib/gcc/avr/4.9.2/avr25\libgcc.a(_clear_bss.o)
 .text.libgcc.mul
                0x00000000        0x0 c:/program files (x86)/atmel/studio/7.0/toolchain/avr8/avr8-gnu-toolchain/bin/../lib/gcc/avr/4.9.2/avr25\libgcc.a(_clear_bss.o)
 .text.libgcc.div
                0x00000000        0x0 c:/program files (x86)/atmel/studio/7.0/toolchain/avr8/avr8-gnu-toolchain/bin/../lib/gcc/avr/4.9.2/avr25\libgcc.a(_clear_bss.o)
 .text.libgcc   0x00000000        0x0 c:/program files (x86)/atmel/studio/7.0/toolchain/avr8/avr8-gnu-toolchain/bin/../lib/gcc/avr/4.9.2/avr25\libgcc.a(_clear_bss.o)
 .text.libgcc.prologue
                0x00000000        0x0 c:/program files (x86)/atmel/studio/7.0/toolchain/avr8/avr8-gnu-toolchain/bin/../lib/gcc/avr/4.9.2/avr25\libgcc.a(_clear_bss.o)
 .text.libgcc.builtins
                0x00000000        0x0 c:/program files (x86)/atmel/studio/7.0/toolchain/avr8/avr8-gnu-toolchain/bin/../lib/gcc/avr/4.9.2/avr25\libgcc.a(_clear_bss.o)
 .text.libgcc.fmul
                0x00000000        0x0 c:/program files (x86)/atmel/studio/7.0/toolchain/avr8/avr8-gnu-toolchain/bin/../lib/gcc/avr/4.9.2/avr25\libgcc.a(_clear_bss.o)
 .text.libgcc.fixed
                0x00000000        0x0 c:/program files (x86)/atmel/studio/7.0/toolchain/avr8/avr8-gnu-toolchain/bin/../lib/gcc/avr/4.9.2/avr25\libgcc.a(_clear_bss.o)

Memory Configuration

Name             Origin             Length             Attributes
text             0x00000000         0x00002000         xr
data             0x00800060         0x0000ffa0         rw !x
eeprom           0x00810000         0x00010000         rw !x
fuse             0x00820000         0x00000400         rw !x
lock             0x00830000         0x00000400         rw !x
signature        0x00840000         0x00000400         rw !x
user_signatures  0x00850000         0x00000400         rw !x
*default*        0x00000000         0xffffffff

Linker script and memory map

LOAD C:/Program Files (x86)/Atmel/Studio/7.0/Packs/atmel/ATtiny_DFP/1.0.68/gcc/dev/attiny85/avr25/crtattiny85.o
LOAD functions.o
LOAD main.o
LOAD TWI_Slave.o
LOAD usiTwiSlave.o
START GROUP
LOAD c:/program files (x86)/atmel/studio/7.0/toolchain/avr8/avr8-gnu-toolchain/bin/../lib/gcc/avr/4.9.2/../../../../avr/lib/avr25\libm.a
END GROUP
START GROUP
LOAD c:/program files (x86)/atmel/studio/7.0/toolchain/avr8/avr8-gnu-toolchain/bin/../lib/gcc/avr/4.9.2/avr25\libgcc.a
LOAD c:/program files (x86)/atmel/studio/7.0/toolchain/avr8/avr8-gnu-toolchain/bin/../lib/gcc/avr/4.9.2/../../../../avr/lib/avr25\libm.a
LOAD c:/program files (x86)/atmel/studio/7.0/toolchain/avr8/avr8-gnu-toolchain/bin/../lib/gcc/avr/4.9.2/../../../../avr/lib/avr25\libc.a
LOAD C:/Program Files (x86)/Atmel/Studio/7.0/Packs/atmel/ATtiny_DFP/1.0.68/gcc/dev/attiny85/avr25\libattiny85.a
END GROUP

.hash
 *(.hash)

.dynsym
 *(.dynsym)

.dynstr
 *(.dynstr)

.gnu.version
 *(.gnu.version)

.gnu.version_d
 *(.gnu.version_d)

.gnu.version_r
 *(.gnu.version_r)

.rel.init
 *(.rel.init)

.rela.init
 *(.rela.init)

.rel.text
 *(.rel.text)
 *(.rel.text.*)
 *(.rel.gnu.linkonce.t*)

.rela.text
 *(.rela.text)
 *(.rela.text.*)
 *(.rela.gnu.linkonce.t*)

.rel.fini
 *(.rel.fini)

.rela.fini
 *(.rela.fini)

.rel.rodata
 *(.rel.rodata)
 *(.rel.rodata.*)
 *(.rel.gnu.linkonce.r*)

.rela.rodata
 *(.rela.rodata)
 *(.rela.rodata.*)
 *(.rela.gnu.linkonce.r*)

.rel.data
 *(.rel.data)
 *(.rel.data.*)
 *(.rel.gnu.linkonce.d*)

.rela.data
 *(.rela.data)
 *(.rela.data.*)
 *(.rela.gnu.linkonce.d*)

.rel.ctors
 *(.rel.ctors)

.rela.ctors
 *(.rela.ctors)

.rel.dtors
 *(.rel.dtors)

.rela.dtors
 *(.rela.dtors)

.rel.got
 *(.rel.got)

.rela.got
 *(.rela.got)

.rel.bss
 *(.rel.bss)

.rela.bss
 *(.rela.bss)

.rel.plt
 *(.rel.plt)

.rela.plt
 *(.rela.plt)

.text           0x00000000      0x208
 *(.vectors)
 .vectors       0x00000000       0x1e C:/Program Files (x86)/Atmel/Studio/7.0/Packs/atmel/ATtiny_DFP/1.0.68/gcc/dev/attiny85/avr25/crtattiny85.o
                0x00000000                __vector_default
                0x00000000                __vectors
 *(.vectors)
 *(.progmem.gcc*)
                0x0000001e                . = ALIGN (0x2)
                0x0000001e                __trampolines_start = .
 *(.trampolines)
 .trampolines   0x0000001e        0x0 linker stubs
 *(.trampolines*)
                0x0000001e                __trampolines_end = .
 *(.progmem*)
                0x0000001e                . = ALIGN (0x2)
 *(.jumptables)
 *(.jumptables*)
 *(.lowtext)
 *(.lowtext*)
                0x0000001e                __ctors_start = .
 *(.ctors)
                0x0000001e                __ctors_end = .
                0x0000001e                __dtors_start = .
 *(.dtors)
                0x0000001e                __dtors_end = .
 SORT(*)(.ctors)
 SORT(*)(.dtors)
 *(.init0)
 .init0         0x0000001e        0x0 C:/Program Files (x86)/Atmel/Studio/7.0/Packs/atmel/ATtiny_DFP/1.0.68/gcc/dev/attiny85/avr25/crtattiny85.o
                0x0000001e                __init
 *(.init0)
 *(.init1)
 *(.init1)
 *(.init2)
 .init2         0x0000001e        0xc C:/Program Files (x86)/Atmel/Studio/7.0/Packs/atmel/ATtiny_DFP/1.0.68/gcc/dev/attiny85/avr25/crtattiny85.o
 *(.init2)
 *(.init3)
 *(.init3)
 *(.init4)
 .init4         0x0000002a       0x10 c:/program files (x86)/atmel/studio/7.0/toolchain/avr8/avr8-gnu-toolchain/bin/../lib/gcc/avr/4.9.2/avr25\libgcc.a(_clear_bss.o)
                0x0000002a                __do_clear_bss
 *(.init4)
 *(.init5)
 *(.init5)
 *(.init6)
 *(.init6)
 *(.init7)
 *(.init7)
 *(.init8)
 *(.init8)
 *(.init9)
 .init9         0x0000003a        0x4 C:/Program Files (x86)/Atmel/Studio/7.0/Packs/atmel/ATtiny_DFP/1.0.68/gcc/dev/attiny85/avr25/crtattiny85.o
 *(.init9)
 *(.text)
 .text          0x0000003e        0x2 C:/Program Files (x86)/Atmel/Studio/7.0/Packs/atmel/ATtiny_DFP/1.0.68/gcc/dev/attiny85/avr25/crtattiny85.o
                0x0000003e                __vector_1
                0x0000003e                __vector_12
                0x0000003e                __bad_interrupt
                0x0000003e                __vector_6
                0x0000003e                __vector_3
                0x0000003e                __vector_11
                0x0000003e                __vector_7
                0x0000003e                __vector_5
                0x0000003e                __vector_4
                0x0000003e                __vector_9
                0x0000003e                __vector_2
                0x0000003e                __vector_8
                0x0000003e                __vector_10
                0x00000040                . = ALIGN (0x2)
 *(.text.*)
 .text.main     0x00000040       0x3e main.o
                0x00000040                main
 .text.usiTwiSlaveInit
                0x0000007e       0x1a usiTwiSlave.o
                0x0000007e                usiTwiSlaveInit
 .text.__vector_13
                0x00000098       0x38 usiTwiSlave.o
                0x00000098                __vector_13
 .text.__vector_14
                0x000000d0      0x134 usiTwiSlave.o
                0x000000d0                __vector_14
                0x00000204                . = ALIGN (0x2)
 *(.fini9)
 .fini9         0x00000204        0x0 c:/program files (x86)/atmel/studio/7.0/toolchain/avr8/avr8-gnu-toolchain/bin/../lib/gcc/avr/4.9.2/avr25\libgcc.a(_exit.o)
                0x00000204                _exit
                0x00000204                exit
 *(.fini9)
 *(.fini8)
 *(.fini8)
 *(.fini7)
 *(.fini7)
 *(.fini6)
 *(.fini6)
 *(.fini5)
 *(.fini5)
 *(.fini4)
 *(.fini4)
 *(.fini3)
 *(.fini3)
 *(.fini2)
 *(.fini2)
 *(.fini1)
 *(.fini1)
 *(.fini0)
 .fini0         0x00000204        0x4 c:/program files (x86)/atmel/studio/7.0/toolchain/avr8/avr8-gnu-toolchain/bin/../lib/gcc/avr/4.9.2/avr25\libgcc.a(_exit.o)
 *(.fini0)
                0x00000208                _etext = .

.data           0x00800060        0x0 load address 0x00000208
                0x00800060                PROVIDE (__data_start, .)
 *(.data)
 *(.data*)
 *(.rodata)
 *(.rodata*)
 *(.gnu.linkonce.d*)
                0x00800060                . = ALIGN (0x2)
                0x00800060                _edata = .
                0x00800060                PROVIDE (__data_end, .)

.bss            0x00800060       0x28
                0x00800060                PROVIDE (__bss_start, .)
 *(.bss)
 *(.bss*)
 *(COMMON)
 COMMON         0x00800060       0x26 main.o
                0x00800060                byte2
                0x00800061                buffer_adr
                0x00800062                byte1
                0x00800063                high
                0x00800064                buffer
                0x00800066                txbuffer
                0x00800076                rxbuffer
 COMMON         0x00800086        0x2 usiTwiSlave.o
                0x00800086                slaveAddress
                0x00800087                overflowState
                0x00800088                PROVIDE (__bss_end, .)
                0x00000208                __data_load_start = LOADADDR (.data)
                0x00000208                __data_load_end = (__data_load_start + SIZEOF (.data))

.noinit         0x00800088        0x0
                0x00800088                PROVIDE (__noinit_start, .)
 *(.noinit*)
                0x00800088                PROVIDE (__noinit_end, .)
                0x00800088                _end = .
                0x00800088                PROVIDE (__heap_start, .)

.eeprom         0x00810000        0x0
 *(.eeprom*)
                0x00810000                __eeprom_end = .

.fuse
 *(.fuse)
 *(.lfuse)
 *(.hfuse)
 *(.efuse)

.lock
 *(.lock*)

.signature
 *(.signature*)

.user_signatures
 *(.user_signatures*)

.stab
 *(.stab)

.stabstr
 *(.stabstr)

.stab.excl
 *(.stab.excl)

.stab.exclstr
 *(.stab.exclstr)

.stab.index
 *(.stab.index)

.stab.indexstr
 *(.stab.indexstr)

.comment        0x00000000       0x30
 *(.comment)
 .comment       0x00000000       0x30 main.o
                                 0x31 (size before relaxing)
 .comment       0x00000030       0x31 usiTwiSlave.o

.note.gnu.avr.deviceinfo
                0x00000000       0x3c
 .note.gnu.avr.deviceinfo
                0x00000000       0x3c C:/Program Files (x86)/Atmel/Studio/7.0/Packs/atmel/ATtiny_DFP/1.0.68/gcc/dev/attiny85/avr25/crtattiny85.o

.note.gnu.build-id
 *(.note.gnu.build-id)

.debug
 *(.debug)

.line
 *(.line)

.debug_srcinfo
 *(.debug_srcinfo)

.debug_sfnames
 *(.debug_sfnames)

.debug_aranges  0x00000000       0x50
 *(.debug_aranges)
 .debug_aranges
                0x00000000       0x20 main.o
 .debug_aranges
                0x00000020       0x30 usiTwiSlave.o

.debug_pubnames
 *(.debug_pubnames)

.debug_info     0x00000000      0x315
 *(.debug_info .gnu.linkonce.wi.*)
 .debug_info    0x00000000      0x17f main.o
 .debug_info    0x0000017f      0x196 usiTwiSlave.o

.debug_abbrev   0x00000000      0x1a2
 *(.debug_abbrev)
 .debug_abbrev  0x00000000       0xbf main.o
 .debug_abbrev  0x000000bf       0xe3 usiTwiSlave.o

.debug_line     0x00000000      0x208
 *(.debug_line .debug_line.* .debug_line_end)
 .debug_line    0x00000000       0xeb main.o
 .debug_line    0x000000eb      0x11d usiTwiSlave.o

.debug_frame    0x00000000       0xa0
 *(.debug_frame)
 .debug_frame   0x00000000       0x24 main.o
 .debug_frame   0x00000024       0x7c usiTwiSlave.o

.debug_str      0x00000000      0x2bd
 *(.debug_str)
 .debug_str     0x00000000      0x1a8 main.o
                                0x1e3 (size before relaxing)
 .debug_str     0x000001a8      0x115 usiTwiSlave.o
                                0x2c1 (size before relaxing)

.debug_loc      0x00000000      0x114
 *(.debug_loc)
 .debug_loc     0x00000000      0x114 usiTwiSlave.o

.debug_macinfo
 *(.debug_macinfo)

.debug_weaknames
 *(.debug_weaknames)

.debug_funcnames
 *(.debug_funcnames)

.debug_typenames
 *(.debug_typenames)

.debug_varnames
 *(.debug_varnames)

.debug_pubtypes
 *(.debug_pubtypes)

.debug_ranges   0x00000000       0x30
 *(.debug_ranges)
 .debug_ranges  0x00000000       0x10 main.o
 .debug_ranges  0x00000010       0x20 usiTwiSlave.o

.debug_macro
 *(.debug_macro)
OUTPUT(TWI.elf elf32-avr)
LOAD linker stubs
